/*C4*/SET SCHEMA PUBLIC
CONNECT USER SA
/*C5*/SET SCHEMA PUBLIC
CONNECT USER SA
DISCONNECT
/*C6*/SET SCHEMA PUBLIC
CONNECT USER SA
drop table Message if exists
create table Message (ID integer generated by default as identity (start with 1), Category varchar(255), Description varchar(255), Link varchar(255), PubDate varchar(255), Subject varchar(255), primary key (ID))
SET AUTOCOMMIT FALSE
SET AUTOCOMMIT TRUE
SET AUTOCOMMIT FALSE
SET AUTOCOMMIT TRUE
SET AUTOCOMMIT FALSE
SET AUTOCOMMIT TRUE
SET AUTOCOMMIT FALSE
SET AUTOCOMMIT TRUE
SET AUTOCOMMIT FALSE
SET AUTOCOMMIT TRUE
SET AUTOCOMMIT FALSE
INSERT INTO MESSAGE VALUES(1,'Asia Pacific','The search and rescue operations at Mount Kinabalu following Friday''s earthquake that hit Ranau has been temporarily suspended due to foggy conditions.','http://www.channelnewsasia.com/news/asiapacific/fog-disrupts-search/1900062.html','Mon, 08 Jun 2015 05:34:31 GMT','Fog disrupts search operations at Mount Kinabalu')
INSERT INTO MESSAGE VALUES(2,'Asia Pacific','Since Jun 1, smoking is banned in all indoor public places, including restaurants, bars, hotels and offices in Beijing.\u00a0But for the ban to be successful, law enforcement and public involvement are both needed.','http://www.channelnewsasia.com/news/asiapacific/law-enforcement-needed/1899920.html','Mon, 08 Jun 2015 05:03:42 GMT','Law enforcement needed for Beijing''s smoking ban to succeed')
INSERT INTO MESSAGE VALUES(3,'Asia Pacific','In the search for new power sources for automobiles,\u00a0Professor Koichi Hayashi is attempting to raise the bar, offering air-powered cars as the next green revolution.\u00a0','http://www.channelnewsasia.com/news/asiapacific/saving-gaia-searching-for/1899970.html','Mon, 08 Jun 2015 04:56:29 GMT','Saving Gaia: Searching for new power sources for cars')
INSERT INTO MESSAGE VALUES(4,'Asia Pacific','South Korea is concerned over the impact on its economy from the outbreak of Middle East Respiratory Syndrome (MERS) and will take countermeasures swiftly if an economic impact is confirmed, the finance minister said on Monday.','http://www.channelnewsasia.com/news/asiapacific/south-korea-finance-minis/1900014.html','Mon, 08 Jun 2015 04:35:24 GMT','South Korea finance minister: concerned about MERS impact on economy')
INSERT INTO MESSAGE VALUES(5,'International Business','South Korea is concerned over the impact on its economy from the outbreak of Middle East Respiratory Syndrome (MERS) and will take countermeasures swiftly if an economic impact is confirmed, says the finance minister.','http://www.channelnewsasia.com/news/business/international/south-korea-concerned/1899904.html','Mon, 08 Jun 2015 03:40:43 GMT','South Korea concerned about MERS impact on economy')
INSERT INTO MESSAGE VALUES(6,'Singapore Local News','State flags on Government buildings were flown at half-mast on Monday (Jun 8) as Singapore marked a Day of National Remembrance for the Sabah earthquake victims.','http://www.channelnewsasia.com/news/singapore/day-of-national/1899606.html','Mon, 08 Jun 2015 00:52:36 GMT','Day of National Remembrance:  Singapore flags at half-mast for Sabah quake victims ')
INSERT INTO MESSAGE VALUES(7,'Entertainment','Almost 4,000 fans gathered at the Putra Indoor stadium, just south of Kuala Lumpur, to see screen idols like Hrithik Roshan, Shahid Kapoor, Sonakshi Sinha and Tiger Shroff - who won the best male debut award - perform on stage.','http://www.channelnewsasia.com/news/entertainment/stars-rock-malaysia-at/1899556.html','Sun, 07 Jun 2015 22:57:19 GMT','Stars rock Malaysia at Bollywood''s Oscars')
INSERT INTO MESSAGE VALUES(8,'Asia Pacific','South Korea recorded its sixth death and biggest single-day jump in Middle East Respiratory Syndrome (MERS) infections on Monday (Jun 8), with 23 new cases in the largest outbreak of the potentially deadly virus outside Saudi Arabia.','http://www.channelnewsasia.com/news/asiapacific/south-korea-reports-sixth/1899540.html','Mon, 08 Jun 2015 03:46:46 GMT','South Korea reports sixth MERS death, 23 new cases')
INSERT INTO MESSAGE VALUES(9,'Asia Pacific','Three of the bodies have been brought down by helicopters, and two bodies are still on the mountain, says Sabah''s Tourism, Culture and Environment Minister Masidi Manjun.','http://www.channelnewsasia.com/news/asiapacific/5-more-bodies-found-on/1898424.html','Sun, 07 Jun 2015 16:36:07 GMT','5 more bodies found on Mount Kinabalu: Sabah Tourism Minister')
INSERT INTO MESSAGE VALUES(10,'Asia Pacific','India''s government has filed for damages from food group Nestle after a food scare involving reports of excess lead in Maggi noodles forced a nationwide recall, government officials said on Sunday.','http://www.channelnewsasia.com/news/asiapacific/india-seeks-damages-from/1898416.html','Sun, 07 Jun 2015 09:00:18 GMT','India seeks damages from Nestle after noodle scare: government sources')
INSERT INTO MESSAGE VALUES(11,'Singapore Local News','TODAY reports: The 27-year-old Malaysian guide had been accompanying the group of Tanjong Katong Primary School students and teachers on their expedition on Mount Kinabalu.','http://www.channelnewsasia.com/news/singapore/malaysian-guide-killed-in/1898316.html','Sun, 07 Jun 2015 08:59:45 GMT','Malaysian guide killed in Sabah quake was leading Singaporean students')
INSERT INTO MESSAGE VALUES(12,'Asia Pacific','Malaysian Deputy Prime Minister Muhyiddin Yassin also says\u00a0the government will consider setting up an earthquake research centre in Sabah to help manage any similar incidents in the future','http://www.channelnewsasia.com/news/asiapacific/sabah-quake-malaysia-govt/1898248.html','Sun, 07 Jun 2015 14:32:13 GMT','Sabah quake: Malaysia govt to give US$2,650 to victims'' families')
INSERT INTO MESSAGE VALUES(13,'AFP Asia Pacific','Acting Prime Minister Choi Kyung-Hwan vowed that "all-out efforts" would be made to curb the spread of the disease in Asia''s fourth-largest economy and urged the public not to panic.','http://www.channelnewsasia.com/news/asiapacific/s-korea-vows-all-out/1898164.html','Sun, 07 Jun 2015 06:34:25 GMT','S Korea vows ''all-out'' effort to curb growing MERS outbreak')
INSERT INTO MESSAGE VALUES(14,'Asia Pacific','South Korea said on Sunday it has no plan yet to draw up a supplementary budget to help stop the outbreak of the Middle East Respiratory Syndrome (MERS) from damaging Asia''s fourth-largest economy, already struggling to keep up a recovery.','http://www.channelnewsasia.com/news/asiapacific/south-korea-sees-no-extra/1898058.html','Mon, 08 Jun 2015 02:40:15 GMT','South Korea sees no extra budget for economy after MERS outbreak')
INSERT INTO MESSAGE VALUES(15,'Asia Pacific','China''s military said on Sunday it must be governed by the ruling Communist Party and not succumb to "liberal" voices who wish to challenge the party''s control.','http://www.channelnewsasia.com/news/asiapacific/china-military-stresses/1898032.html','Sun, 07 Jun 2015 23:35:19 GMT','China military stresses Party control in face of ''liberal'' enemies')
INSERT INTO MESSAGE VALUES(16,'AFP Asia Pacific','An 80-member rescue team was dispatched in the morning to search a section of trail on the popular climbing peak that was obliterated in thunderous rockfalls set loose by Friday''s 6.0-magnitude quake, officials said.','http://www.channelnewsasia.com/news/asiapacific/hopes-fade-as-crews/1898006.html','Sun, 07 Jun 2015 04:16:50 GMT','Hopes fade as crews search ''river of stones'' on Malaysia peak')
INSERT INTO MESSAGE VALUES(17,'Asia Pacific','The fund is aimed at helping the mountain guides and porters who have lost their income due to the earthquake on Friday. RM20,000 (US$5,300) has been contributed to start the fund.','http://www.channelnewsasia.com/news/asiapacific/fund-launched-in-sabah-to/1897972.html','Sun, 07 Jun 2015 04:29:29 GMT','Fund launched in Sabah to help those affected by quake')
INSERT INTO MESSAGE VALUES(18,'AFP Asia Pacific','State-run CCTV television broadcast live images of personnel pausing in remembrance of the 431 people confirmed dead.','http://www.channelnewsasia.com/news/asiapacific/toll-in-china-ship/1897918.html','Sun, 07 Jun 2015 03:52:48 GMT','Toll in China ship tragedy rises past 400 as workers remember dead')
INSERT INTO MESSAGE VALUES(19,'Asia Pacific','Hungary has become the first European country to sign a cooperation agreement for China''s new "Silk Road" initiative to develop trade and transport infrastructure across Asia and beyond, China''s foreign ministry said late on Saturday.','http://www.channelnewsasia.com/news/asiapacific/hungary-first-european-co/1897902.html','Sun, 07 Jun 2015 02:35:16 GMT','Hungary first European country to sign up for China Silk Road plan')
INSERT INTO MESSAGE VALUES(20,'Asia Pacific','Training and education on safety procedures to prepare for disasters, including earthquakes, should be extended to the public, particularly students, said National Parents-Teachers Association (PTA) president Assoc Prof Datuk Dr Mohamad Ali Hassan.','http://www.channelnewsasia.com/news/asiapacific/disaster-preparedness/1897890.html','Sun, 07 Jun 2015 02:21:43 GMT','Disaster preparedness training needs to be extended: Malaysia''s PTA')
INSERT INTO MESSAGE VALUES(21,'Asia Pacific','South Korean health officials on Sunday reported 14 more cases of Middle East Respiratory Syndrome, bringing the total in the country''s outbreak to 64, and said a fifth person infected with the virus had died.','http://www.channelnewsasia.com/news/asiapacific/south-korea-reports-14/1897806.html','Sun, 07 Jun 2015 03:30:14 GMT','South Korea reports 14 more MERS cases, fifth death')
INSERT INTO MESSAGE VALUES(22,'AFP Asia Pacific','officials widened the search scope to 1,300 kilometres of the Yangtze in the hope of finding 46 people still unaccounted for, state news agency Xinhua said.','http://www.channelnewsasia.com/news/asiapacific/nearly-400-dead-in-china/1897592.html','Sat, 06 Jun 2015 18:29:29 GMT','Nearly 400 dead in China ship sinking as search for bodies widens')
INSERT INTO MESSAGE VALUES(23,'AFP Asia Pacific','Japanese Prime Minister Shinzo Abe vowed during an historic first visit to Ukraine on Saturday (Jun 6) to spearhead a global drive to resolve the crisis threatening to splinter the ex-Soviet state.','http://www.channelnewsasia.com/news/asiapacific/japan-s-abe-visits/1897324.html','Sat, 06 Jun 2015 14:23:24 GMT','Japan''s Abe visits Ukraine ahead of tough G7 summit')
INSERT INTO MESSAGE VALUES(24,'Asia Pacific','South Korea marks Memorial Day on Saturday (Jun 6), in remembrance of those who sacrificed their lives during the Korean War.\u00a0','http://www.channelnewsasia.com/news/asiapacific/s-korea-military-remains/1897050.html','Sat, 06 Jun 2015 14:20:21 GMT','S Korea military remains vigilant as Korean War fallen remembered')
INSERT INTO MESSAGE VALUES(25,'Asia Pacific','India and Bangladesh signed an agreement to simplify their border and clarify the identities of 52,000 living in enclaves.','http://www.channelnewsasia.com/news/asiapacific/india-bangladesh-sign/1897306.html','Sat, 06 Jun 2015 16:40:14 GMT','India, Bangladesh sign historic land boundary agreement')
INSERT INTO MESSAGE VALUES(26,'Asia Pacific','The Indian army said it killed three militants along the disputed border with Pakistan early on Saturday, foiling the third infiltration attempt in the past two weeks.','http://www.channelnewsasia.com/news/asiapacific/indian-army-says-kills-th/1896998.html','Sat, 06 Jun 2015 09:35:12 GMT','Indian army says kills three militants along border with Pakistan')
INSERT INTO MESSAGE VALUES(27,'AFP Asia Pacific','The death toll jumped by over 200 after rescuers hoisted the battered ship out of the Yangtze river on Friday and began recovering bodies trapped inside.','http://www.channelnewsasia.com/news/asiapacific/more-than-390-confirmed/1896910.html','Sat, 06 Jun 2015 16:47:40 GMT','More than 390 confirmed dead in China ship sinking')
INSERT INTO MESSAGE VALUES(28,'Singapore Local News','"It was intended to be comic, but in hindsight I realise how insensitive it was," says Au of her attempt to mimic an Indian accent of a young audience member in a pre-show segment.','http://www.channelnewsasia.com/news/singapore/sea-games-opening/1896856.html','Sat, 06 Jun 2015 08:22:06 GMT','SEA Games opening ceremony emcee Sharon Au apologises for insensitive actions')
INSERT INTO MESSAGE VALUES(29,'Singapore Local News','Among those gathered were a group of parent volunteers from the school, some of whose children have already graduated.','http://www.channelnewsasia.com/news/singapore/sabah-quake-group-lends/1896880.html','Sat, 06 Jun 2015 08:29:34 GMT','Sabah quake: Group lends support to returning Tanjong Katong Primary students, teachers ')
INSERT INTO MESSAGE VALUES(30,'Asia Pacific','Taiwan''s coast guard commissioned its biggest ships for duty, as the island boosts defences amid concerns about China''s growing footprint in the disputed South China Sea.','http://www.channelnewsasia.com/news/asiapacific/taiwan-coast-guard/1896816.html','Sat, 06 Jun 2015 18:09:13 GMT','Taiwan coast guard launches new ships as South China Sea tensions rise')
COMMIT
SET AUTOCOMMIT TRUE
SET AUTOCOMMIT FALSE
SET AUTOCOMMIT TRUE
SET AUTOCOMMIT FALSE
SET AUTOCOMMIT TRUE
SET AUTOCOMMIT FALSE
SET AUTOCOMMIT TRUE
SET AUTOCOMMIT FALSE
SET AUTOCOMMIT TRUE
DISCONNECT
/*C4*/DISCONNECT
